// Jest Snapshot v1, https://goo.gl/fbAQLP

exports[`helper function test should return true 1`] = `[Function]`;
