// Jest Snapshot v1, https://goo.gl/fbAQLP

exports[`<EmailInput /> should match the snapshot 1`] = `
ShallowWrapper {
  Symbol(enzyme.__root__): [Circular],
  Symbol(enzyme.__unrendered__): <EmailInput />,
  Symbol(enzyme.__renderer__): Object {
    "batchedUpdates": [Function],
    "getNode": [Function],
    "render": [Function],
    "simulateEvent": [Function],
    "unmount": [Function],
  },
  Symbol(enzyme.__node__): Object {
    "instance": null,
    "key": undefined,
    "nodeType": "class",
    "props": Object {
      "children": "Email:",
      "clear": true,
      "disabled": false,
      "editable": true,
      "error": false,
      "extra": "",
      "labelNumber": 5,
      "moneyKeyboardAlign": "right",
      "moneyKeyboardWrapProps": Object {},
      "onBlur": [Function],
      "onChange": [Function],
      "onErrorClick": [Function],
      "onExtraClick": [Function],
      "onFocus": [Function],
      "onVirtualKeyboardConfirm": [Function],
      "placeholder": "Email",
      "prefixCls": "am-input",
      "prefixListCls": "am-list",
      "type": "text",
      "updatePlaceholder": false,
      "value": undefined,
    },
    "ref": null,
    "rendered": "Email:",
    "type": [Function],
  },
  Symbol(enzyme.__nodes__): Array [
    Object {
      "instance": null,
      "key": undefined,
      "nodeType": "class",
      "props": Object {
        "children": "Email:",
        "clear": true,
        "disabled": false,
        "editable": true,
        "error": false,
        "extra": "",
        "labelNumber": 5,
        "moneyKeyboardAlign": "right",
        "moneyKeyboardWrapProps": Object {},
        "onBlur": [Function],
        "onChange": [Function],
        "onErrorClick": [Function],
        "onExtraClick": [Function],
        "onFocus": [Function],
        "onVirtualKeyboardConfirm": [Function],
        "placeholder": "Email",
        "prefixCls": "am-input",
        "prefixListCls": "am-list",
        "type": "text",
        "updatePlaceholder": false,
        "value": undefined,
      },
      "ref": null,
      "rendered": "Email:",
      "type": [Function],
    },
  ],
  Symbol(enzyme.__options__): Object {
    "adapter": ReactSixteenAdapter {
      "options": Object {
        "enableComponentDidUpdateOnSetState": true,
        "lifecycles": Object {
          "componentDidUpdate": Object {
            "onSetState": true,
          },
          "getSnapshotBeforeUpdate": true,
        },
      },
    },
    "attachTo": undefined,
    "hydrateIn": undefined,
  },
}
`;
